Product: MDK-ARM Standard 5.10
Component: ARM Compiler 5.04 update 1 (build 49)
Tool: armlink [5040049]

==============================================================================

Section Cross References

    startup_stm32f10x_md.o(RESET) refers to startup_stm32f10x_md.o(STACK) for __initial_sp
    startup_stm32f10x_md.o(RESET) refers to startup_stm32f10x_md.o(.text) for Reset_Handler
    startup_stm32f10x_md.o(RESET) refers to stm32f10x_it.o(.text) for NMI_Handler
    startup_stm32f10x_md.o(RESET) refers to app.o(.text) for TIM2_IRQHandler
    startup_stm32f10x_md.o(RESET) refers to pwm.o(.text) for TIM3_IRQHandler
    startup_stm32f10x_md.o(RESET) refers to pcmsg.o(.text) for USART1_IRQHandler
    startup_stm32f10x_md.o(RESET) refers to busservoctrl.o(.text) for USART2_IRQHandler
    startup_stm32f10x_md.o(RESET) refers to bluetooth.o(.text) for USART3_IRQHandler
    startup_stm32f10x_md.o(.text) refers to system_stm32f10x.o(.text) for SystemInit
    startup_stm32f10x_md.o(.text) refers to entry.o(.ARM.Collect$$$$00000000) for __main
    stm32f10x_adc.o(.text) refers to stm32f10x_rcc.o(.text) for RCC_APB2PeriphResetCmd
    stm32f10x_bkp.o(.text) refers to stm32f10x_rcc.o(.text) for RCC_BackupResetCmd
    stm32f10x_can.o(.text) refers to stm32f10x_rcc.o(.text) for RCC_APB1PeriphResetCmd
    stm32f10x_cec.o(.text) refers to stm32f10x_rcc.o(.text) for RCC_APB1PeriphResetCmd
    stm32f10x_dac.o(.text) refers to stm32f10x_rcc.o(.text) for RCC_APB1PeriphResetCmd
    stm32f10x_gpio.o(.text) refers to stm32f10x_rcc.o(.text) for RCC_APB2PeriphResetCmd
    stm32f10x_i2c.o(.text) refers to stm32f10x_rcc.o(.text) for RCC_APB1PeriphResetCmd
    stm32f10x_pwr.o(.text) refers to stm32f10x_rcc.o(.text) for RCC_APB1PeriphResetCmd
    stm32f10x_rcc.o(.text) refers to stm32f10x_rcc.o(.data) for APBAHBPrescTable
    stm32f10x_spi.o(.text) refers to stm32f10x_rcc.o(.text) for RCC_APB2PeriphResetCmd
    stm32f10x_tim.o(.text) refers to stm32f10x_rcc.o(.text) for RCC_APB2PeriphResetCmd
    stm32f10x_usart.o(.text) refers to stm32f10x_rcc.o(.text) for RCC_APB2PeriphResetCmd
    stm32f10x_wwdg.o(.text) refers to stm32f10x_rcc.o(.text) for RCC_APB1PeriphResetCmd
    main.o(.text) refers to system_stm32f10x.o(.text) for SystemInit
    main.o(.text) refers to app.o(.text) for InitDelay
    main.o(.text) refers to misc.o(.text) for NVIC_PriorityGroupConfig
    main.o(.text) refers to pwm.o(.text) for InitPWM
    main.o(.text) refers to pcmsg.o(.text) for InitUart1
    main.o(.text) refers to bluetooth.o(.text) for InitUart3
    main.o(.text) refers to ps2gamepad.o(.text) for InitPS2
    main.o(.text) refers to flash.o(.text) for InitFlash
    main.o(.text) refers to busservoctrl.o(.text) for InitBusServoCtrl
    pwm.o(.text) refers to fflti.o(.text) for __aeabi_i2f
    pwm.o(.text) refers to ffltui.o(.text) for __aeabi_ui2f
    pwm.o(.text) refers to fdiv.o(.text) for __aeabi_fdiv
    pwm.o(.text) refers to fmul.o(.text) for __aeabi_fmul
    pwm.o(.text) refers to ffixi.o(.text) for __aeabi_f2iz
    pwm.o(.text) refers to misc.o(.text) for NVIC_Init
    pwm.o(.text) refers to stm32f10x_rcc.o(.text) for RCC_APB2PeriphClockCmd
    pwm.o(.text) refers to stm32f10x_gpio.o(.text) for GPIO_Init
    pwm.o(.text) refers to pwm.o(.data) for ServoPwmDutySet
    pwm.o(.text) refers to pwm.o(.bss) for ServoPwmDutyInc
    system_stm32f10x.o(.text) refers to system_stm32f10x.o(.data) for SystemCoreClock
    pcmsg.o(.text) refers to stm32f10x_usart.o(.text) for USART_SendData
    pcmsg.o(.text) refers to stm32f10x_rcc.o(.text) for RCC_APB2PeriphClockCmd
    pcmsg.o(.text) refers to stm32f10x_gpio.o(.text) for GPIO_Init
    pcmsg.o(.text) refers to misc.o(.text) for NVIC_Init
    pcmsg.o(.text) refers to flash.o(.text) for FlashEraseSector
    pcmsg.o(.text) refers to pwm.o(.text) for ServoSetPluseAndTime
    pcmsg.o(.text) refers to busservoctrl.o(.text) for BusServoCtrl
    pcmsg.o(.text) refers to robotrun.o(.text) for FullActRun
    pcmsg.o(.text) refers to pcmsg.o(.data) for fFrameStart
    pcmsg.o(.text) refers to pcmsg.o(.bss) for Uart1RxBuffer
    app.o(.text) refers to misc.o(.text) for SysTick_CLKSourceConfig
    app.o(.text) refers to stm32f10x_rcc.o(.text) for RCC_APB2PeriphClockCmd
    app.o(.text) refers to stm32f10x_gpio.o(.text) for GPIO_Init
    app.o(.text) refers to stm32f10x_tim.o(.text) for TIM_TimeBaseInit
    app.o(.text) refers to stm32f10x_adc.o(.text) for ADC_DeInit
    app.o(.text) refers to pwm.o(.text) for ServoPwmDutyCompare
    app.o(.text) refers to pcmsg.o(.text) for TaskPCMsgHandle
    app.o(.text) refers to bluetooth.o(.text) for TaskBLEMsgHandle
    app.o(.text) refers to robotrun.o(.text) for TaskRobotRun
    app.o(.text) refers to ps2gamepad.o(.text) for PS2_DataKey
    app.o(.text) refers to app.o(.data) for fac_us
    app.o(.text) refers to pwm.o(.data) for ServoPwmDutySet
    robotrun.o(.text) refers to flash.o(.text) for FlashRead
    robotrun.o(.text) refers to pwm.o(.text) for ServoSetPluseAndTime
    robotrun.o(.text) refers to busservoctrl.o(.text) for BusServoCtrl
    robotrun.o(.text) refers to robotrun.o(.data) for FrameIndexSum
    robotrun.o(.text) refers to app.o(.data) for gSystemTickCount
    flash.o(.text) refers to stm32f10x_spi.o(.text) for SPI_I2S_GetFlagStatus
    flash.o(.text) refers to stm32f10x_gpio.o(.text) for GPIO_SetBits
    flash.o(.text) refers to stm32f10x_rcc.o(.text) for RCC_APB2PeriphClockCmd
    flash.o(.text) refers to app.o(.text) for DelayMs
    flash.o(.text) refers to flash.o(.bss) for SPI_InitStructure
    ps2gamepad.o(.text) refers to app.o(.text) for DelayUs
    ps2gamepad.o(.text) refers to stm32f10x_rcc.o(.text) for RCC_APB2PeriphClockCmd
    ps2gamepad.o(.text) refers to stm32f10x_gpio.o(.text) for GPIO_Init
    ps2gamepad.o(.text) refers to ps2gamepad.o(.bss) for Data
    ps2gamepad.o(.text) refers to ps2gamepad.o(.data) for Comd
    bluetooth.o(.text) refers to stm32f10x_rcc.o(.text) for RCC_APB1PeriphClockCmd
    bluetooth.o(.text) refers to stm32f10x_gpio.o(.text) for GPIO_Init
    bluetooth.o(.text) refers to stm32f10x_usart.o(.text) for USART_Init
    bluetooth.o(.text) refers to misc.o(.text) for NVIC_Init
    bluetooth.o(.text) refers to pwm.o(.text) for ServoSetPluseAndTime
    bluetooth.o(.text) refers to robotrun.o(.text) for FullActRun
    bluetooth.o(.text) refers to bluetooth.o(.data) for fFrameStart
    bluetooth.o(.text) refers to bluetooth.o(.bss) for UartRxBuffer
    busservoctrl.o(.text) refers to stm32f10x_rcc.o(.text) for RCC_APB1PeriphClockCmd
    busservoctrl.o(.text) refers to stm32f10x_gpio.o(.text) for GPIO_Init
    busservoctrl.o(.text) refers to stm32f10x_usart.o(.text) for USART_Init
    busservoctrl.o(.text) refers to misc.o(.text) for NVIC_Init
    entry.o(.ARM.Collect$$$$00000000) refers (Special) to entry10a.o(.ARM.Collect$$$$0000000D) for __rt_final_cpp
    entry.o(.ARM.Collect$$$$00000000) refers (Special) to entry11a.o(.ARM.Collect$$$$0000000F) for __rt_final_exit
    entry.o(.ARM.Collect$$$$00000000) refers (Special) to entry7b.o(.ARM.Collect$$$$00000008) for _main_clock
    entry.o(.ARM.Collect$$$$00000000) refers (Special) to entry8b.o(.ARM.Collect$$$$0000000A) for _main_cpp_init
    entry.o(.ARM.Collect$$$$00000000) refers (Special) to entry9a.o(.ARM.Collect$$$$0000000B) for _main_init
    entry.o(.ARM.Collect$$$$00000000) refers (Special) to entry5.o(.ARM.Collect$$$$00000004) for _main_scatterload
    entry.o(.ARM.Collect$$$$00000000) refers (Special) to entry2.o(.ARM.Collect$$$$00000001) for _main_stk
    fmul.o(.text) refers (Special) to iusefp.o(.text) for __I$use$fp
    fdiv.o(.text) refers (Special) to iusefp.o(.text) for __I$use$fp
    fdiv.o(.text) refers to fepilogue.o(.text) for _float_round
    fflti.o(.text) refers (Special) to iusefp.o(.text) for __I$use$fp
    fflti.o(.text) refers to fepilogue.o(.text) for _float_epilogue
    ffltui.o(.text) refers (Special) to iusefp.o(.text) for __I$use$fp
    ffltui.o(.text) refers to fepilogue.o(.text) for _float_epilogue
    ffixi.o(.text) refers (Special) to iusefp.o(.text) for __I$use$fp
    entry2.o(.ARM.Collect$$$$00000001) refers to entry2.o(.ARM.Collect$$$$00002712) for __lit__00000000
    entry2.o(.ARM.Collect$$$$00002712) refers to startup_stm32f10x_md.o(STACK) for __initial_sp
    entry2.o(__vectab_stack_and_reset_area) refers to startup_stm32f10x_md.o(STACK) for __initial_sp
    entry2.o(__vectab_stack_and_reset_area) refers to entry.o(.ARM.Collect$$$$00000000) for __main
    entry5.o(.ARM.Collect$$$$00000004) refers to init.o(.text) for __scatterload
    entry9a.o(.ARM.Collect$$$$0000000B) refers to main.o(.text) for main
    entry9b.o(.ARM.Collect$$$$0000000C) refers to main.o(.text) for main
    init.o(.text) refers to entry5.o(.ARM.Collect$$$$00000004) for __main_after_scatterload


==============================================================================

Removing Unused input sections from the image.

    Removing core_cm3.o(.emb_text), (32 bytes).
    Removing startup_stm32f10x_md.o(HEAP), (512 bytes).
    Removing stm32f10x_bkp.o(.text), (196 bytes).
    Removing stm32f10x_can.o(.text), (2544 bytes).
    Removing stm32f10x_cec.o(.text), (288 bytes).
    Removing stm32f10x_crc.o(.text), (72 bytes).
    Removing stm32f10x_dac.o(.text), (396 bytes).
    Removing stm32f10x_dbgmcu.o(.text), (48 bytes).
    Removing stm32f10x_dma.o(.text), (596 bytes).
    Removing stm32f10x_exti.o(.text), (284 bytes).
    Removing stm32f10x_flash.o(.text), (1468 bytes).
    Removing stm32f10x_fsmc.o(.text), (1548 bytes).
    Removing stm32f10x_i2c.o(.text), (1028 bytes).
    Removing stm32f10x_iwdg.o(.text), (64 bytes).
    Removing stm32f10x_pwr.o(.text), (204 bytes).
    Removing stm32f10x_rtc.o(.text), (328 bytes).
    Removing stm32f10x_sdio.o(.text), (468 bytes).
    Removing stm32f10x_wwdg.o(.text), (136 bytes).

18 unused section(s) (total 10212 bytes) removed from the image.

==============================================================================

Image Symbol Table

    Local Symbols

    Symbol Name                              Value     Ov Type        Size  Object(Section)

    ../clib/microlib/init/entry.s            0x00000000   Number         0  entry9b.o ABSOLUTE
    ../clib/microlib/init/entry.s            0x00000000   Number         0  entry7a.o ABSOLUTE
    ../clib/microlib/init/entry.s            0x00000000   Number         0  entry10a.o ABSOLUTE
    ../clib/microlib/init/entry.s            0x00000000   Number         0  entry10b.o ABSOLUTE
    ../clib/microlib/init/entry.s            0x00000000   Number         0  entry.o ABSOLUTE
    ../clib/microlib/init/entry.s            0x00000000   Number         0  entry11a.o ABSOLUTE
    ../clib/microlib/init/entry.s            0x00000000   Number         0  entry11b.o ABSOLUTE
    ../clib/microlib/init/entry.s            0x00000000   Number         0  entry2.o ABSOLUTE
    ../clib/microlib/init/entry.s            0x00000000   Number         0  entry5.o ABSOLUTE
    ../clib/microlib/init/entry.s            0x00000000   Number         0  entry7b.o ABSOLUTE
    ../clib/microlib/init/entry.s            0x00000000   Number         0  entry8a.o ABSOLUTE
    ../clib/microlib/init/entry.s            0x00000000   Number         0  entry8b.o ABSOLUTE
    ../clib/microlib/init/entry.s            0x00000000   Number         0  entry9a.o ABSOLUTE
    ../clib/microlib/stubs.s                 0x00000000   Number         0  iusefp.o ABSOLUTE
    ../fplib/microlib/fpdiv.c                0x00000000   Number         0  fdiv.o ABSOLUTE
    ../fplib/microlib/fpepilogue.c           0x00000000   Number         0  fepilogue.o ABSOLUTE
    ../fplib/microlib/fpfix.c                0x00000000   Number         0  ffixi.o ABSOLUTE
    ../fplib/microlib/fpflt.c                0x00000000   Number         0  fflti.o ABSOLUTE
    ../fplib/microlib/fpflt.c                0x00000000   Number         0  ffltui.o ABSOLUTE
    ../fplib/microlib/fpmul.c                0x00000000   Number         0  fmul.o ABSOLUTE
    CORE\\core_cm3.c                         0x00000000   Number         0  core_cm3.o ABSOLUTE
    CORE\core_cm3.c                          0x00000000   Number         0  core_cm3.o ABSOLUTE
    CORE\startup_stm32f10x_md.s              0x00000000   Number         0  startup_stm32f10x_md.o ABSOLUTE
    STM32F10x_FWLib\src\misc.c               0x00000000   Number         0  misc.o ABSOLUTE
    STM32F10x_FWLib\src\stm32f10x_adc.c      0x00000000   Number         0  stm32f10x_adc.o ABSOLUTE
    STM32F10x_FWLib\src\stm32f10x_bkp.c      0x00000000   Number         0  stm32f10x_bkp.o ABSOLUTE
    STM32F10x_FWLib\src\stm32f10x_can.c      0x00000000   Number         0  stm32f10x_can.o ABSOLUTE
    STM32F10x_FWLib\src\stm32f10x_cec.c      0x00000000   Number         0  stm32f10x_cec.o ABSOLUTE
    STM32F10x_FWLib\src\stm32f10x_crc.c      0x00000000   Number         0  stm32f10x_crc.o ABSOLUTE
    STM32F10x_FWLib\src\stm32f10x_dac.c      0x00000000   Number         0  stm32f10x_dac.o ABSOLUTE
    STM32F10x_FWLib\src\stm32f10x_dbgmcu.c   0x00000000   Number         0  stm32f10x_dbgmcu.o ABSOLUTE
    STM32F10x_FWLib\src\stm32f10x_dma.c      0x00000000   Number         0  stm32f10x_dma.o ABSOLUTE
    STM32F10x_FWLib\src\stm32f10x_exti.c     0x00000000   Number         0  stm32f10x_exti.o ABSOLUTE
    STM32F10x_FWLib\src\stm32f10x_flash.c    0x00000000   Number         0  stm32f10x_flash.o ABSOLUTE
    STM32F10x_FWLib\src\stm32f10x_fsmc.c     0x00000000   Number         0  stm32f10x_fsmc.o ABSOLUTE
    STM32F10x_FWLib\src\stm32f10x_gpio.c     0x00000000   Number         0  stm32f10x_gpio.o ABSOLUTE
    STM32F10x_FWLib\src\stm32f10x_i2c.c      0x00000000   Number         0  stm32f10x_i2c.o ABSOLUTE
    STM32F10x_FWLib\src\stm32f10x_iwdg.c     0x00000000   Number         0  stm32f10x_iwdg.o ABSOLUTE
    STM32F10x_FWLib\src\stm32f10x_pwr.c      0x00000000   Number         0  stm32f10x_pwr.o ABSOLUTE
    STM32F10x_FWLib\src\stm32f10x_rcc.c      0x00000000   Number         0  stm32f10x_rcc.o ABSOLUTE
    STM32F10x_FWLib\src\stm32f10x_rtc.c      0x00000000   Number         0  stm32f10x_rtc.o ABSOLUTE
    STM32F10x_FWLib\src\stm32f10x_sdio.c     0x00000000   Number         0  stm32f10x_sdio.o ABSOLUTE
    STM32F10x_FWLib\src\stm32f10x_spi.c      0x00000000   Number         0  stm32f10x_spi.o ABSOLUTE
    STM32F10x_FWLib\src\stm32f10x_tim.c      0x00000000   Number         0  stm32f10x_tim.o ABSOLUTE
    STM32F10x_FWLib\src\stm32f10x_usart.c    0x00000000   Number         0  stm32f10x_usart.o ABSOLUTE
    STM32F10x_FWLib\src\stm32f10x_wwdg.c     0x00000000   Number         0  stm32f10x_wwdg.o ABSOLUTE
    USER\App.c                               0x00000000   Number         0  app.o ABSOLUTE
    USER\Bluetooth.c                         0x00000000   Number         0  bluetooth.o ABSOLUTE
    USER\BusServoCtrl.c                      0x00000000   Number         0  busservoctrl.o ABSOLUTE
    USER\Flash.c                             0x00000000   Number         0  flash.o ABSOLUTE
    USER\PCMsg.c                             0x00000000   Number         0  pcmsg.o ABSOLUTE
    USER\PS2GamePad.c                        0x00000000   Number         0  ps2gamepad.o ABSOLUTE
    USER\PWM.c                               0x00000000   Number         0  pwm.o ABSOLUTE
    USER\RobotRun.c                          0x00000000   Number         0  robotrun.o ABSOLUTE
    USER\main.c                              0x00000000   Number         0  main.o ABSOLUTE
    USER\stm32f10x_it.c                      0x00000000   Number         0  stm32f10x_it.o ABSOLUTE
    USER\system_stm32f10x.c                  0x00000000   Number         0  system_stm32f10x.o ABSOLUTE
    dc.s                                     0x00000000   Number         0  dc.o ABSOLUTE
    handlers.s                               0x00000000   Number         0  handlers.o ABSOLUTE
    init.s                                   0x00000000   Number         0  init.o ABSOLUTE
    RESET                                    0x08000000   Section      236  startup_stm32f10x_md.o(RESET)
    .ARM.Collect$$$$00000000                 0x080000ec   Section        0  entry.o(.ARM.Collect$$$$00000000)
    .ARM.Collect$$$$00000001                 0x080000ec   Section        4  entry2.o(.ARM.Collect$$$$00000001)
    .ARM.Collect$$$$00000004                 0x080000f0   Section        4  entry5.o(.ARM.Collect$$$$00000004)
    .ARM.Collect$$$$00000008                 0x080000f4   Section        0  entry7b.o(.ARM.Collect$$$$00000008)
    .ARM.Collect$$$$0000000A                 0x080000f4   Section        0  entry8b.o(.ARM.Collect$$$$0000000A)
    .ARM.Collect$$$$0000000B                 0x080000f4   Section        8  entry9a.o(.ARM.Collect$$$$0000000B)
    .ARM.Collect$$$$0000000D                 0x080000fc   Section        0  entry10a.o(.ARM.Collect$$$$0000000D)
    .ARM.Collect$$$$0000000F                 0x080000fc   Section        0  entry11a.o(.ARM.Collect$$$$0000000F)
    .ARM.Collect$$$$00002712                 0x080000fc   Section        4  entry2.o(.ARM.Collect$$$$00002712)
    __lit__00000000                          0x080000fc   Data           4  entry2.o(.ARM.Collect$$$$00002712)
    .text                                    0x08000100   Section       36  startup_stm32f10x_md.o(.text)
    .text                                    0x08000124   Section        0  misc.o(.text)
    .text                                    0x08000200   Section        0  stm32f10x_adc.o(.text)
    .text                                    0x08000650   Section        0  stm32f10x_gpio.o(.text)
    .text                                    0x080009ac   Section        0  stm32f10x_rcc.o(.text)
    .text                                    0x08000d50   Section        0  stm32f10x_spi.o(.text)
    .text                                    0x0800105c   Section        0  stm32f10x_tim.o(.text)
    TI4_Config                               0x08001503   Thumb Code   130  stm32f10x_tim.o(.text)
    TI3_Config                               0x08001597   Thumb Code   122  stm32f10x_tim.o(.text)
    TI2_Config                               0x0800162b   Thumb Code   130  stm32f10x_tim.o(.text)
    TI1_Config                               0x080016bf   Thumb Code   108  stm32f10x_tim.o(.text)
    .text                                    0x08001e78   Section        0  stm32f10x_usart.o(.text)
    .text                                    0x08002280   Section        0  main.o(.text)
    .text                                    0x080022d4   Section        0  pwm.o(.text)
    .text                                    0x080026ac   Section        0  stm32f10x_it.o(.text)
    .text                                    0x080026c8   Section        0  system_stm32f10x.o(.text)
    SetSysClockTo72                          0x080026c9   Thumb Code   214  system_stm32f10x.o(.text)
    SetSysClock                              0x0800279f   Thumb Code     8  system_stm32f10x.o(.text)
    .text                                    0x080028a8   Section        0  pcmsg.o(.text)
    UartRxOK                                 0x08002ac1   Thumb Code    20  pcmsg.o(.text)
    .text                                    0x08002cd0   Section        0  app.o(.text)
    .text                                    0x08003628   Section        0  robotrun.o(.text)
    .text                                    0x080037f0   Section        0  flash.o(.text)
    .text                                    0x08003a18   Section        0  ps2gamepad.o(.text)
    Delay                                    0x08003a19   Thumb Code    12  ps2gamepad.o(.text)
    .text                                    0x08003eec   Section        0  bluetooth.o(.text)
    UartRxOK                                 0x0800406f   Thumb Code    20  bluetooth.o(.text)
    .text                                    0x0800414c   Section        0  busservoctrl.o(.text)
    .text                                    0x08004308   Section        0  fmul.o(.text)
    .text                                    0x0800436c   Section        0  fdiv.o(.text)
    .text                                    0x080043e8   Section        0  fflti.o(.text)
    .text                                    0x080043fa   Section        0  ffltui.o(.text)
    .text                                    0x08004404   Section        0  ffixi.o(.text)
    .text                                    0x08004436   Section        0  iusefp.o(.text)
    .text                                    0x08004436   Section        0  fepilogue.o(.text)
    .text                                    0x080044a4   Section       36  init.o(.text)
    i.__scatterload_copy                     0x080044c8   Section       14  handlers.o(i.__scatterload_copy)
    i.__scatterload_null                     0x080044d6   Section        2  handlers.o(i.__scatterload_null)
    i.__scatterload_zeroinit                 0x080044d8   Section       14  handlers.o(i.__scatterload_zeroinit)
    .data                                    0x20000000   Section       20  stm32f10x_rcc.o(.data)
    APBAHBPrescTable                         0x20000000   Data          16  stm32f10x_rcc.o(.data)
    ADCPrescTable                            0x20000010   Data           4  stm32f10x_rcc.o(.data)
    .data                                    0x20000014   Section       42  pwm.o(.data)
    ServoPwmDutyIncTimes                     0x20000038   Data           2  pwm.o(.data)
    ServoRunning                             0x2000003a   Data           1  pwm.o(.data)
    i                                        0x2000003c   Data           2  pwm.o(.data)
    .data                                    0x20000040   Section       20  system_stm32f10x.o(.data)
    .data                                    0x20000054   Section        5  pcmsg.o(.data)
    fUartRxComplete                          0x20000054   Data           1  pcmsg.o(.data)
    startCodeSum                             0x20000055   Data           1  pcmsg.o(.data)
    fFrameStart                              0x20000056   Data           1  pcmsg.o(.data)
    messageLength                            0x20000057   Data           1  pcmsg.o(.data)
    messageLengthSum                         0x20000058   Data           1  pcmsg.o(.data)
    .data                                    0x2000005c   Section       42  app.o(.data)
    fac_us                                   0x20000066   Data           1  app.o(.data)
    fac_ms                                   0x20000068   Data           2  app.o(.data)
    fBuzzer                                  0x2000006b   Data           1  app.o(.data)
    t1                                       0x2000006c   Data           4  app.o(.data)
    t2                                       0x20000070   Data           4  app.o(.data)
    time                                     0x20000074   Data           4  app.o(.data)
    timeBattery                              0x20000078   Data           2  app.o(.data)
    time                                     0x2000007c   Data           4  app.o(.data)
    times                                    0x20000080   Data           4  app.o(.data)
    Ps2State                                 0x20000084   Data           1  app.o(.data)
    mode                                     0x20000085   Data           1  app.o(.data)
    .data                                    0x20000088   Section       19  robotrun.o(.data)
    .data                                    0x2000009c   Section       38  ps2gamepad.o(.data)
    .data                                    0x200000c2   Section        5  bluetooth.o(.data)
    fUartRxComplete                          0x200000c2   Data           1  bluetooth.o(.data)
    startCodeSum                             0x200000c3   Data           1  bluetooth.o(.data)
    fFrameStart                              0x200000c4   Data           1  bluetooth.o(.data)
    messageLength                            0x200000c5   Data           1  bluetooth.o(.data)
    messageLengthSum                         0x200000c6   Data           1  bluetooth.o(.data)
    .bss                                     0x200000c8   Section       32  pwm.o(.bss)
    .bss                                     0x200000e8   Section      776  pcmsg.o(.bss)
    UartRxBuffer                             0x200000e8   Data         260  pcmsg.o(.bss)
    .bss                                     0x200003f0   Section       18  flash.o(.bss)
    .bss                                     0x20000402   Section        9  ps2gamepad.o(.bss)
    .bss                                     0x2000040b   Section      260  bluetooth.o(.bss)
    UartRxBuffer                             0x2000040b   Data         260  bluetooth.o(.bss)
    STACK                                    0x20000510   Section     1024  startup_stm32f10x_md.o(STACK)

    Global Symbols

    Symbol Name                              Value     Ov Type        Size  Object(Section)

    BuildAttributes$$THM_ISAv4$P$D$K$B$S$PE$A:L22UL41UL21$X:L11$S22US41US21$IEEE1$IW$USESV6$~STKCKD$USESV7$~SHL$OTIME$ROPI$EBA8$MICROLIB$REQ8$PRES8$EABIv2 0x00000000   Number         0  anon$$obj.o ABSOLUTE
    __ARM_use_no_argv                        0x00000000   Number         0  main.o ABSOLUTE
    __cpp_initialize__aeabi_                  - Undefined Weak Reference
    __cxa_finalize                            - Undefined Weak Reference
    __decompress                              - Undefined Weak Reference
    _clock_init                               - Undefined Weak Reference
    _microlib_exit                            - Undefined Weak Reference
    __Vectors_Size                           0x000000ec   Number         0  startup_stm32f10x_md.o ABSOLUTE
    __Vectors                                0x08000000   Data           4  startup_stm32f10x_md.o(RESET)
    __Vectors_End                            0x080000ec   Data           0  startup_stm32f10x_md.o(RESET)
    __main                                   0x080000ed   Thumb Code     0  entry.o(.ARM.Collect$$$$00000000)
    _main_stk                                0x080000ed   Thumb Code     0  entry2.o(.ARM.Collect$$$$00000001)
    _main_scatterload                        0x080000f1   Thumb Code     0  entry5.o(.ARM.Collect$$$$00000004)
    __main_after_scatterload                 0x080000f5   Thumb Code     0  entry5.o(.ARM.Collect$$$$00000004)
    _main_clock                              0x080000f5   Thumb Code     0  entry7b.o(.ARM.Collect$$$$00000008)
    _main_cpp_init                           0x080000f5   Thumb Code     0  entry8b.o(.ARM.Collect$$$$0000000A)
    _main_init                               0x080000f5   Thumb Code     0  entry9a.o(.ARM.Collect$$$$0000000B)
    __rt_final_cpp                           0x080000fd   Thumb Code     0  entry10a.o(.ARM.Collect$$$$0000000D)
    __rt_final_exit                          0x080000fd   Thumb Code     0  entry11a.o(.ARM.Collect$$$$0000000F)
    Reset_Handler                            0x08000101   Thumb Code     8  startup_stm32f10x_md.o(.text)
    ADC1_2_IRQHandler                        0x0800011b   Thumb Code     0  startup_stm32f10x_md.o(.text)
    CAN1_RX1_IRQHandler                      0x0800011b   Thumb Code     0  startup_stm32f10x_md.o(.text)
    CAN1_SCE_IRQHandler                      0x0800011b   Thumb Code     0  startup_stm32f10x_md.o(.text)
    DMA1_Channel1_IRQHandler                 0x0800011b   Thumb Code     0  startup_stm32f10x_md.o(.text)
    DMA1_Channel2_IRQHandler                 0x0800011b   Thumb Code     0  startup_stm32f10x_md.o(.text)
    DMA1_Channel3_IRQHandler                 0x0800011b   Thumb Code     0  startup_stm32f10x_md.o(.text)
    DMA1_Channel4_IRQHandler                 0x0800011b   Thumb Code     0  startup_stm32f10x_md.o(.text)
    DMA1_Channel5_IRQHandler                 0x0800011b   Thumb Code     0  startup_stm32f10x_md.o(.text)
    DMA1_Channel6_IRQHandler                 0x0800011b   Thumb Code     0  startup_stm32f10x_md.o(.text)
    DMA1_Channel7_IRQHandler                 0x0800011b   Thumb Code     0  startup_stm32f10x_md.o(.text)
    EXTI0_IRQHandler                         0x0800011b   Thumb Code     0  startup_stm32f10x_md.o(.text)
    EXTI15_10_IRQHandler                     0x0800011b   Thumb Code     0  startup_stm32f10x_md.o(.text)
    EXTI1_IRQHandler                         0x0800011b   Thumb Code     0  startup_stm32f10x_md.o(.text)
    EXTI2_IRQHandler                         0x0800011b   Thumb Code     0  startup_stm32f10x_md.o(.text)
    EXTI3_IRQHandler                         0x0800011b   Thumb Code     0  startup_stm32f10x_md.o(.text)
    EXTI4_IRQHandler                         0x0800011b   Thumb Code     0  startup_stm32f10x_md.o(.text)
    EXTI9_5_IRQHandler                       0x0800011b   Thumb Code     0  startup_stm32f10x_md.o(.text)
    FLASH_IRQHandler                         0x0800011b   Thumb Code     0  startup_stm32f10x_md.o(.text)
    I2C1_ER_IRQHandler                       0x0800011b   Thumb Code     0  startup_stm32f10x_md.o(.text)
    I2C1_EV_IRQHandler                       0x0800011b   Thumb Code     0  startup_stm32f10x_md.o(.text)
    I2C2_ER_IRQHandler                       0x0800011b   Thumb Code     0  startup_stm32f10x_md.o(.text)
    I2C2_EV_IRQHandler                       0x0800011b   Thumb Code     0  startup_stm32f10x_md.o(.text)
    PVD_IRQHandler                           0x0800011b   Thumb Code     0  startup_stm32f10x_md.o(.text)
    RCC_IRQHandler                           0x0800011b   Thumb Code     0  startup_stm32f10x_md.o(.text)
    RTCAlarm_IRQHandler                      0x0800011b   Thumb Code     0  startup_stm32f10x_md.o(.text)
    RTC_IRQHandler                           0x0800011b   Thumb Code     0  startup_stm32f10x_md.o(.text)
    SPI1_IRQHandler                          0x0800011b   Thumb Code     0  startup_stm32f10x_md.o(.text)
    SPI2_IRQHandler                          0x0800011b   Thumb Code     0  startup_stm32f10x_md.o(.text)
    TAMPER_IRQHandler                        0x0800011b   Thumb Code     0  startup_stm32f10x_md.o(.text)
    TIM1_BRK_IRQHandler                      0x0800011b   Thumb Code     0  startup_stm32f10x_md.o(.text)
    TIM1_CC_IRQHandler                       0x0800011b   Thumb Code     0  startup_stm32f10x_md.o(.text)
    TIM1_TRG_COM_IRQHandler                  0x0800011b   Thumb Code     0  startup_stm32f10x_md.o(.text)
    TIM1_UP_IRQHandler                       0x0800011b   Thumb Code     0  startup_stm32f10x_md.o(.text)
    TIM4_IRQHandler                          0x0800011b   Thumb Code     0  startup_stm32f10x_md.o(.text)
    USBWakeUp_IRQHandler                     0x0800011b   Thumb Code     0  startup_stm32f10x_md.o(.text)
    USB_HP_CAN1_TX_IRQHandler                0x0800011b   Thumb Code     0  startup_stm32f10x_md.o(.text)
    USB_LP_CAN1_RX0_IRQHandler               0x0800011b   Thumb Code     0  startup_stm32f10x_md.o(.text)
    WWDG_IRQHandler                          0x0800011b   Thumb Code     0  startup_stm32f10x_md.o(.text)
    NVIC_PriorityGroupConfig                 0x08000125   Thumb Code    10  misc.o(.text)
    NVIC_Init                                0x0800012f   Thumb Code   100  misc.o(.text)
    NVIC_SetVectorTable                      0x08000193   Thumb Code    14  misc.o(.text)
    NVIC_SystemLPConfig                      0x080001a1   Thumb Code    34  misc.o(.text)
    SysTick_CLKSourceConfig                  0x080001c3   Thumb Code    40  misc.o(.text)
    ADC_DeInit                               0x08000201   Thumb Code    78  stm32f10x_adc.o(.text)
    ADC_Init                                 0x0800024f   Thumb Code    70  stm32f10x_adc.o(.text)
    ADC_StructInit                           0x08000295   Thumb Code    18  stm32f10x_adc.o(.text)
    ADC_Cmd                                  0x080002a7   Thumb Code    22  stm32f10x_adc.o(.text)
    ADC_DMACmd                               0x080002bd   Thumb Code    22  stm32f10x_adc.o(.text)
    ADC_ITConfig                             0x080002d3   Thumb Code    24  stm32f10x_adc.o(.text)
    ADC_ResetCalibration                     0x080002eb   Thumb Code    10  stm32f10x_adc.o(.text)
    ADC_GetResetCalibrationStatus            0x080002f5   Thumb Code    20  stm32f10x_adc.o(.text)
    ADC_StartCalibration                     0x08000309   Thumb Code    10  stm32f10x_adc.o(.text)
    ADC_GetCalibrationStatus                 0x08000313   Thumb Code    20  stm32f10x_adc.o(.text)
    ADC_SoftwareStartConvCmd                 0x08000327   Thumb Code    22  stm32f10x_adc.o(.text)
    ADC_GetSoftwareStartConvStatus           0x0800033d   Thumb Code    20  stm32f10x_adc.o(.text)
    ADC_DiscModeChannelCountConfig           0x08000351   Thumb Code    24  stm32f10x_adc.o(.text)
    ADC_DiscModeCmd                          0x08000369   Thumb Code    22  stm32f10x_adc.o(.text)
    ADC_RegularChannelConfig                 0x0800037f   Thumb Code   184  stm32f10x_adc.o(.text)
    ADC_ExternalTrigConvCmd                  0x08000437   Thumb Code    22  stm32f10x_adc.o(.text)
    ADC_GetConversionValue                   0x0800044d   Thumb Code     8  stm32f10x_adc.o(.text)
    ADC_GetDualModeConversionValue           0x08000455   Thumb Code     8  stm32f10x_adc.o(.text)
    ADC_AutoInjectedConvCmd                  0x0800045d   Thumb Code    22  stm32f10x_adc.o(.text)
    ADC_InjectedDiscModeCmd                  0x08000473   Thumb Code    22  stm32f10x_adc.o(.text)
    ADC_ExternalTrigInjectedConvConfig       0x08000489   Thumb Code    16  stm32f10x_adc.o(.text)
    ADC_ExternalTrigInjectedConvCmd          0x08000499   Thumb Code    22  stm32f10x_adc.o(.text)
    ADC_SoftwareStartInjectedConvCmd         0x080004af   Thumb Code    22  stm32f10x_adc.o(.text)
    ADC_GetSoftwareStartInjectedConvCmdStatus 0x080004c5   Thumb Code    20  stm32f10x_adc.o(.text)
    ADC_InjectedChannelConfig                0x080004d9   Thumb Code   130  stm32f10x_adc.o(.text)
    ADC_InjectedSequencerLengthConfig        0x0800055b   Thumb Code    24  stm32f10x_adc.o(.text)
    ADC_SetInjectedOffset                    0x08000573   Thumb Code    20  stm32f10x_adc.o(.text)
    ADC_GetInjectedConversionValue           0x08000587   Thumb Code    28  stm32f10x_adc.o(.text)
    ADC_AnalogWatchdogCmd                    0x080005a3   Thumb Code    16  stm32f10x_adc.o(.text)
    ADC_AnalogWatchdogThresholdsConfig       0x080005b3   Thumb Code     6  stm32f10x_adc.o(.text)
    ADC_AnalogWatchdogSingleChannelConfig    0x080005b9   Thumb Code    16  stm32f10x_adc.o(.text)
    ADC_TempSensorVrefintCmd                 0x080005c9   Thumb Code    64  stm32f10x_adc.o(.text)
    ADC_GetFlagStatus                        0x08000609   Thumb Code    18  stm32f10x_adc.o(.text)
    ADC_ClearFlag                            0x0800061b   Thumb Code     6  stm32f10x_adc.o(.text)
    ADC_GetITStatus                          0x08000621   Thumb Code    36  stm32f10x_adc.o(.text)
    ADC_ClearITPendingBit                    0x08000645   Thumb Code    10  stm32f10x_adc.o(.text)
    GPIO_DeInit                              0x08000651   Thumb Code   172  stm32f10x_gpio.o(.text)
    GPIO_AFIODeInit                          0x080006fd   Thumb Code    20  stm32f10x_gpio.o(.text)
    GPIO_Init                                0x08000711   Thumb Code   278  stm32f10x_gpio.o(.text)
    GPIO_StructInit                          0x08000827   Thumb Code    16  stm32f10x_gpio.o(.text)
    GPIO_ReadInputDataBit                    0x08000837   Thumb Code    18  stm32f10x_gpio.o(.text)
    GPIO_ReadInputData                       0x08000849   Thumb Code     8  stm32f10x_gpio.o(.text)
    GPIO_ReadOutputDataBit                   0x08000851   Thumb Code    18  stm32f10x_gpio.o(.text)
    GPIO_ReadOutputData                      0x08000863   Thumb Code     8  stm32f10x_gpio.o(.text)
    GPIO_SetBits                             0x0800086b   Thumb Code     4  stm32f10x_gpio.o(.text)
    GPIO_ResetBits                           0x0800086f   Thumb Code     4  stm32f10x_gpio.o(.text)
    GPIO_WriteBit                            0x08000873   Thumb Code    10  stm32f10x_gpio.o(.text)
    GPIO_Write                               0x0800087d   Thumb Code     4  stm32f10x_gpio.o(.text)
    GPIO_PinLockConfig                       0x08000881   Thumb Code    18  stm32f10x_gpio.o(.text)
    GPIO_EventOutputConfig                   0x08000893   Thumb Code    26  stm32f10x_gpio.o(.text)
    GPIO_EventOutputCmd                      0x080008ad   Thumb Code     6  stm32f10x_gpio.o(.text)
    GPIO_PinRemapConfig                      0x080008b3   Thumb Code   138  stm32f10x_gpio.o(.text)
    GPIO_EXTILineConfig                      0x0800093d   Thumb Code    66  stm32f10x_gpio.o(.text)
    GPIO_ETH_MediaInterfaceConfig            0x0800097f   Thumb Code     8  stm32f10x_gpio.o(.text)
    RCC_DeInit                               0x080009ad   Thumb Code    64  stm32f10x_rcc.o(.text)
    RCC_HSEConfig                            0x080009ed   Thumb Code    70  stm32f10x_rcc.o(.text)
    RCC_GetFlagStatus                        0x08000a33   Thumb Code    56  stm32f10x_rcc.o(.text)
    RCC_WaitForHSEStartUp                    0x08000a6b   Thumb Code    56  stm32f10x_rcc.o(.text)
    RCC_AdjustHSICalibrationValue            0x08000aa3   Thumb Code    20  stm32f10x_rcc.o(.text)
    RCC_HSICmd                               0x08000ab7   Thumb Code     6  stm32f10x_rcc.o(.text)
    RCC_PLLConfig                            0x08000abd   Thumb Code    24  stm32f10x_rcc.o(.text)
    RCC_PLLCmd                               0x08000ad5   Thumb Code     6  stm32f10x_rcc.o(.text)
    RCC_SYSCLKConfig                         0x08000adb   Thumb Code    18  stm32f10x_rcc.o(.text)
    RCC_GetSYSCLKSource                      0x08000aed   Thumb Code    10  stm32f10x_rcc.o(.text)
    RCC_HCLKConfig                           0x08000af7   Thumb Code    18  stm32f10x_rcc.o(.text)
    RCC_PCLK1Config                          0x08000b09   Thumb Code    18  stm32f10x_rcc.o(.text)
    RCC_PCLK2Config                          0x08000b1b   Thumb Code    20  stm32f10x_rcc.o(.text)
    RCC_ITConfig                             0x08000b2f   Thumb Code    26  stm32f10x_rcc.o(.text)
    RCC_USBCLKConfig                         0x08000b49   Thumb Code     8  stm32f10x_rcc.o(.text)
    RCC_ADCCLKConfig                         0x08000b51   Thumb Code    18  stm32f10x_rcc.o(.text)
    RCC_LSEConfig                            0x08000b63   Thumb Code    50  stm32f10x_rcc.o(.text)
    RCC_LSICmd                               0x08000b95   Thumb Code     6  stm32f10x_rcc.o(.text)
    RCC_RTCCLKConfig                         0x08000b9b   Thumb Code    12  stm32f10x_rcc.o(.text)
    RCC_RTCCLKCmd                            0x08000ba7   Thumb Code     8  stm32f10x_rcc.o(.text)
    RCC_GetClocksFreq                        0x08000baf   Thumb Code   192  stm32f10x_rcc.o(.text)
    RCC_AHBPeriphClockCmd                    0x08000c6f   Thumb Code    26  stm32f10x_rcc.o(.text)
    RCC_APB2PeriphClockCmd                   0x08000c89   Thumb Code    26  stm32f10x_rcc.o(.text)
    RCC_APB1PeriphClockCmd                   0x08000ca3   Thumb Code    26  stm32f10x_rcc.o(.text)
    RCC_APB2PeriphResetCmd                   0x08000cbd   Thumb Code    26  stm32f10x_rcc.o(.text)
    RCC_APB1PeriphResetCmd                   0x08000cd7   Thumb Code    26  stm32f10x_rcc.o(.text)
    RCC_BackupResetCmd                       0x08000cf1   Thumb Code     8  stm32f10x_rcc.o(.text)
    RCC_ClockSecuritySystemCmd               0x08000cf9   Thumb Code     6  stm32f10x_rcc.o(.text)
    RCC_MCOConfig                            0x08000cff   Thumb Code     6  stm32f10x_rcc.o(.text)
    RCC_ClearFlag                            0x08000d05   Thumb Code    14  stm32f10x_rcc.o(.text)
    RCC_GetITStatus                          0x08000d13   Thumb Code    20  stm32f10x_rcc.o(.text)
    RCC_ClearITPendingBit                    0x08000d27   Thumb Code     6  stm32f10x_rcc.o(.text)
    SPI_I2S_DeInit                           0x08000d51   Thumb Code    76  stm32f10x_spi.o(.text)
    SPI_Init                                 0x08000d9d   Thumb Code    60  stm32f10x_spi.o(.text)
    I2S_Init                                 0x08000dd9   Thumb Code   226  stm32f10x_spi.o(.text)
    SPI_StructInit                           0x08000ebb   Thumb Code    24  stm32f10x_spi.o(.text)
    I2S_StructInit                           0x08000ed3   Thumb Code    20  stm32f10x_spi.o(.text)
    SPI_Cmd                                  0x08000ee7   Thumb Code    24  stm32f10x_spi.o(.text)
    I2S_Cmd                                  0x08000eff   Thumb Code    24  stm32f10x_spi.o(.text)
    SPI_I2S_ITConfig                         0x08000f17   Thumb Code    32  stm32f10x_spi.o(.text)
    SPI_I2S_DMACmd                           0x08000f37   Thumb Code    18  stm32f10x_spi.o(.text)
    SPI_I2S_SendData                         0x08000f49   Thumb Code     4  stm32f10x_spi.o(.text)
    SPI_I2S_ReceiveData                      0x08000f4d   Thumb Code     6  stm32f10x_spi.o(.text)
    SPI_NSSInternalSoftwareConfig            0x08000f53   Thumb Code    30  stm32f10x_spi.o(.text)
    SPI_SSOutputCmd                          0x08000f71   Thumb Code    24  stm32f10x_spi.o(.text)
    SPI_DataSizeConfig                       0x08000f89   Thumb Code    18  stm32f10x_spi.o(.text)
    SPI_TransmitCRC                          0x08000f9b   Thumb Code    10  stm32f10x_spi.o(.text)
    SPI_CalculateCRC                         0x08000fa5   Thumb Code    24  stm32f10x_spi.o(.text)
    SPI_GetCRC                               0x08000fbd   Thumb Code    16  stm32f10x_spi.o(.text)
    SPI_GetCRCPolynomial                     0x08000fcd   Thumb Code     6  stm32f10x_spi.o(.text)
    SPI_BiDirectionalLineConfig              0x08000fd3   Thumb Code    28  stm32f10x_spi.o(.text)
    SPI_I2S_GetFlagStatus                    0x08000fef   Thumb Code    18  stm32f10x_spi.o(.text)
    SPI_I2S_ClearFlag                        0x08001001   Thumb Code     6  stm32f10x_spi.o(.text)
    SPI_I2S_GetITStatus                      0x08001007   Thumb Code    52  stm32f10x_spi.o(.text)
    SPI_I2S_ClearITPendingBit                0x0800103b   Thumb Code    20  stm32f10x_spi.o(.text)
    TIM_DeInit                               0x0800105d   Thumb Code   424  stm32f10x_tim.o(.text)
    TIM_TimeBaseInit                         0x08001205   Thumb Code   122  stm32f10x_tim.o(.text)
    TIM_OC1Init                              0x0800127f   Thumb Code   132  stm32f10x_tim.o(.text)
    TIM_OC2Init                              0x08001303   Thumb Code   154  stm32f10x_tim.o(.text)
    TIM_OC3Init                              0x0800139d   Thumb Code   150  stm32f10x_tim.o(.text)
    TIM_OC4Init                              0x08001433   Thumb Code   182  stm32f10x_tim.o(.text)
    TIM_SetIC4Prescaler                      0x080014e9   Thumb Code    26  stm32f10x_tim.o(.text)
    TIM_SetIC3Prescaler                      0x08001585   Thumb Code    18  stm32f10x_tim.o(.text)
    TIM_SetIC2Prescaler                      0x08001611   Thumb Code    26  stm32f10x_tim.o(.text)
    TIM_SetIC1Prescaler                      0x080016ad   Thumb Code    18  stm32f10x_tim.o(.text)
    TIM_ICInit                               0x0800172b   Thumb Code   150  stm32f10x_tim.o(.text)
    TIM_PWMIConfig                           0x080017c1   Thumb Code   124  stm32f10x_tim.o(.text)
    TIM_BDTRConfig                           0x0800183d   Thumb Code    32  stm32f10x_tim.o(.text)
    TIM_TimeBaseStructInit                   0x0800185d   Thumb Code    18  stm32f10x_tim.o(.text)
    TIM_OCStructInit                         0x0800186f   Thumb Code    20  stm32f10x_tim.o(.text)
    TIM_ICStructInit                         0x08001883   Thumb Code    18  stm32f10x_tim.o(.text)
    TIM_BDTRStructInit                       0x08001895   Thumb Code    40  stm32f10x_tim.o(.text)
    TIM_Cmd                                  0x080018bd   Thumb Code    24  stm32f10x_tim.o(.text)
    TIM_CtrlPWMOutputs                       0x080018d5   Thumb Code    30  stm32f10x_tim.o(.text)
    TIM_ITConfig                             0x080018f3   Thumb Code    18  stm32f10x_tim.o(.text)
    TIM_GenerateEvent                        0x08001905   Thumb Code     4  stm32f10x_tim.o(.text)
    TIM_DMAConfig                            0x08001909   Thumb Code    10  stm32f10x_tim.o(.text)
    TIM_DMACmd                               0x08001913   Thumb Code    18  stm32f10x_tim.o(.text)
    TIM_InternalClockConfig                  0x08001925   Thumb Code    12  stm32f10x_tim.o(.text)
    TIM_SelectInputTrigger                   0x08001931   Thumb Code    18  stm32f10x_tim.o(.text)
    TIM_ITRxExternalClockConfig              0x08001943   Thumb Code    24  stm32f10x_tim.o(.text)
    TIM_TIxExternalClockConfig               0x0800195b   Thumb Code    62  stm32f10x_tim.o(.text)
    TIM_ETRConfig                            0x08001999   Thumb Code    28  stm32f10x_tim.o(.text)
    TIM_ETRClockMode1Config                  0x080019b5   Thumb Code    54  stm32f10x_tim.o(.text)
    TIM_ETRClockMode2Config                  0x080019eb   Thumb Code    32  stm32f10x_tim.o(.text)
    TIM_PrescalerConfig                      0x08001a0b   Thumb Code     6  stm32f10x_tim.o(.text)
    TIM_CounterModeConfig                    0x08001a11   Thumb Code    18  stm32f10x_tim.o(.text)
    TIM_EncoderInterfaceConfig               0x08001a23   Thumb Code    66  stm32f10x_tim.o(.text)
    TIM_ForcedOC1Config                      0x08001a65   Thumb Code    18  stm32f10x_tim.o(.text)
    TIM_ForcedOC2Config                      0x08001a77   Thumb Code    26  stm32f10x_tim.o(.text)
    TIM_ForcedOC3Config                      0x08001a91   Thumb Code    18  stm32f10x_tim.o(.text)
    TIM_ForcedOC4Config                      0x08001aa3   Thumb Code    26  stm32f10x_tim.o(.text)
    TIM_ARRPreloadConfig                     0x08001abd   Thumb Code    24  stm32f10x_tim.o(.text)
    TIM_SelectCOM                            0x08001ad5   Thumb Code    24  stm32f10x_tim.o(.text)
    TIM_SelectCCDMA                          0x08001aed   Thumb Code    24  stm32f10x_tim.o(.text)
    TIM_CCPreloadControl                     0x08001b05   Thumb Code    24  stm32f10x_tim.o(.text)
    TIM_OC1PreloadConfig                     0x08001b1d   Thumb Code    18  stm32f10x_tim.o(.text)
    TIM_OC2PreloadConfig                     0x08001b2f   Thumb Code    26  stm32f10x_tim.o(.text)
    TIM_OC3PreloadConfig                     0x08001b49   Thumb Code    18  stm32f10x_tim.o(.text)
    TIM_OC4PreloadConfig                     0x08001b5b   Thumb Code    26  stm32f10x_tim.o(.text)
    TIM_OC1FastConfig                        0x08001b75   Thumb Code    18  stm32f10x_tim.o(.text)
    TIM_OC2FastConfig                        0x08001b87   Thumb Code    26  stm32f10x_tim.o(.text)
    TIM_OC3FastConfig                        0x08001ba1   Thumb Code    18  stm32f10x_tim.o(.text)
    TIM_OC4FastConfig                        0x08001bb3   Thumb Code    26  stm32f10x_tim.o(.text)
    TIM_ClearOC1Ref                          0x08001bcd   Thumb Code    18  stm32f10x_tim.o(.text)
    TIM_ClearOC2Ref                          0x08001bdf   Thumb Code    24  stm32f10x_tim.o(.text)
    TIM_ClearOC3Ref                          0x08001bf7   Thumb Code    18  stm32f10x_tim.o(.text)
    TIM_ClearOC4Ref                          0x08001c09   Thumb Code    24  stm32f10x_tim.o(.text)
    TIM_OC1PolarityConfig                    0x08001c21   Thumb Code    18  stm32f10x_tim.o(.text)
    TIM_OC1NPolarityConfig                   0x08001c33   Thumb Code    18  stm32f10x_tim.o(.text)
    TIM_OC2PolarityConfig                    0x08001c45   Thumb Code    26  stm32f10x_tim.o(.text)
    TIM_OC2NPolarityConfig                   0x08001c5f   Thumb Code    26  stm32f10x_tim.o(.text)
    TIM_OC3PolarityConfig                    0x08001c79   Thumb Code    26  stm32f10x_tim.o(.text)
    TIM_OC3NPolarityConfig                   0x08001c93   Thumb Code    26  stm32f10x_tim.o(.text)
    TIM_OC4PolarityConfig                    0x08001cad   Thumb Code    26  stm32f10x_tim.o(.text)
    TIM_CCxCmd                               0x08001cc7   Thumb Code    30  stm32f10x_tim.o(.text)
    TIM_CCxNCmd                              0x08001ce5   Thumb Code    30  stm32f10x_tim.o(.text)
    TIM_SelectOCxM                           0x08001d03   Thumb Code    82  stm32f10x_tim.o(.text)
    TIM_UpdateDisableConfig                  0x08001d55   Thumb Code    24  stm32f10x_tim.o(.text)
    TIM_UpdateRequestConfig                  0x08001d6d   Thumb Code    24  stm32f10x_tim.o(.text)
    TIM_SelectHallSensor                     0x08001d85   Thumb Code    24  stm32f10x_tim.o(.text)
    TIM_SelectOnePulseMode                   0x08001d9d   Thumb Code    18  stm32f10x_tim.o(.text)
    TIM_SelectOutputTrigger                  0x08001daf   Thumb Code    18  stm32f10x_tim.o(.text)
    TIM_SelectSlaveMode                      0x08001dc1   Thumb Code    18  stm32f10x_tim.o(.text)
    TIM_SelectMasterSlaveMode                0x08001dd3   Thumb Code    18  stm32f10x_tim.o(.text)
    TIM_SetCounter                           0x08001de5   Thumb Code     4  stm32f10x_tim.o(.text)
    TIM_SetAutoreload                        0x08001de9   Thumb Code     4  stm32f10x_tim.o(.text)
    TIM_SetCompare1                          0x08001ded   Thumb Code     4  stm32f10x_tim.o(.text)
    TIM_SetCompare2                          0x08001df1   Thumb Code     4  stm32f10x_tim.o(.text)
    TIM_SetCompare3                          0x08001df5   Thumb Code     4  stm32f10x_tim.o(.text)
    TIM_SetCompare4                          0x08001df9   Thumb Code     6  stm32f10x_tim.o(.text)
    TIM_SetClockDivision                     0x08001dff   Thumb Code    18  stm32f10x_tim.o(.text)
    TIM_GetCapture1                          0x08001e11   Thumb Code     6  stm32f10x_tim.o(.text)
    TIM_GetCapture2                          0x08001e17   Thumb Code     6  stm32f10x_tim.o(.text)
    TIM_GetCapture3                          0x08001e1d   Thumb Code     6  stm32f10x_tim.o(.text)
    TIM_GetCapture4                          0x08001e23   Thumb Code     8  stm32f10x_tim.o(.text)
    TIM_GetCounter                           0x08001e2b   Thumb Code     6  stm32f10x_tim.o(.text)
    TIM_GetPrescaler                         0x08001e31   Thumb Code     6  stm32f10x_tim.o(.text)
    TIM_GetFlagStatus                        0x08001e37   Thumb Code    18  stm32f10x_tim.o(.text)
    TIM_ClearFlag                            0x08001e49   Thumb Code     6  stm32f10x_tim.o(.text)
    TIM_GetITStatus                          0x08001e4f   Thumb Code    34  stm32f10x_tim.o(.text)
    TIM_ClearITPendingBit                    0x08001e71   Thumb Code     6  stm32f10x_tim.o(.text)
    USART_DeInit                             0x08001e79   Thumb Code   134  stm32f10x_usart.o(.text)
    USART_Init                               0x08001eff   Thumb Code   210  stm32f10x_usart.o(.text)
    USART_StructInit                         0x08001fd1   Thumb Code    24  stm32f10x_usart.o(.text)
    USART_ClockInit                          0x08001fe9   Thumb Code    34  stm32f10x_usart.o(.text)
    USART_ClockStructInit                    0x0800200b   Thumb Code    12  stm32f10x_usart.o(.text)
    USART_Cmd                                0x08002017   Thumb Code    24  stm32f10x_usart.o(.text)
    USART_ITConfig                           0x0800202f   Thumb Code    74  stm32f10x_usart.o(.text)
    USART_DMACmd                             0x08002079   Thumb Code    18  stm32f10x_usart.o(.text)
    USART_SetAddress                         0x0800208b   Thumb Code    18  stm32f10x_usart.o(.text)
    USART_WakeUpConfig                       0x0800209d   Thumb Code    18  stm32f10x_usart.o(.text)
    USART_ReceiverWakeUpCmd                  0x080020af   Thumb Code    24  stm32f10x_usart.o(.text)
    USART_LINBreakDetectLengthConfig         0x080020c7   Thumb Code    18  stm32f10x_usart.o(.text)
    USART_LINCmd                             0x080020d9   Thumb Code    24  stm32f10x_usart.o(.text)
    USART_SendData                           0x080020f1   Thumb Code     8  stm32f10x_usart.o(.text)
    USART_ReceiveData                        0x080020f9   Thumb Code    10  stm32f10x_usart.o(.text)
    USART_SendBreak                          0x08002103   Thumb Code    10  stm32f10x_usart.o(.text)
    USART_SetGuardTime                       0x0800210d   Thumb Code    16  stm32f10x_usart.o(.text)
    USART_SetPrescaler                       0x0800211d   Thumb Code    16  stm32f10x_usart.o(.text)
    USART_SmartCardCmd                       0x0800212d   Thumb Code    24  stm32f10x_usart.o(.text)
    USART_SmartCardNACKCmd                   0x08002145   Thumb Code    24  stm32f10x_usart.o(.text)
    USART_HalfDuplexCmd                      0x0800215d   Thumb Code    24  stm32f10x_usart.o(.text)
    USART_OverSampling8Cmd                   0x08002175   Thumb Code    22  stm32f10x_usart.o(.text)
    USART_OneBitMethodCmd                    0x0800218b   Thumb Code    24  stm32f10x_usart.o(.text)
    USART_IrDAConfig                         0x080021a3   Thumb Code    18  stm32f10x_usart.o(.text)
    USART_IrDACmd                            0x080021b5   Thumb Code    24  stm32f10x_usart.o(.text)
    USART_GetFlagStatus                      0x080021cd   Thumb Code    26  stm32f10x_usart.o(.text)
    USART_ClearFlag                          0x080021e7   Thumb Code    18  stm32f10x_usart.o(.text)
    USART_GetITStatus                        0x080021f9   Thumb Code    84  stm32f10x_usart.o(.text)
    USART_ClearITPendingBit                  0x0800224d   Thumb Code    52  stm32f10x_usart.o(.text)
    main                                     0x08002281   Thumb Code    80  main.o(.text)
    ServoSetPluseAndTime                     0x080022d5   Thumb Code    58  pwm.o(.text)
    ServoPwmDutyCompare                      0x0800230f   Thumb Code   254  pwm.o(.text)
    InitTimer3                               0x0800240d   Thumb Code    92  pwm.o(.text)
    InitPWM                                  0x08002469   Thumb Code   114  pwm.o(.text)
    Timer3ARRValue                           0x080024db   Thumb Code     8  pwm.o(.text)
    TIM3_IRQHandler                          0x080024e3   Thumb Code   392  pwm.o(.text)
    NMI_Handler                              0x080026ad   Thumb Code     2  stm32f10x_it.o(.text)
    HardFault_Handler                        0x080026af   Thumb Code     4  stm32f10x_it.o(.text)
    MemManage_Handler                        0x080026b3   Thumb Code     4  stm32f10x_it.o(.text)
    BusFault_Handler                         0x080026b7   Thumb Code     4  stm32f10x_it.o(.text)
    UsageFault_Handler                       0x080026bb   Thumb Code     4  stm32f10x_it.o(.text)
    SVC_Handler                              0x080026bf   Thumb Code     2  stm32f10x_it.o(.text)
    DebugMon_Handler                         0x080026c1   Thumb Code     2  stm32f10x_it.o(.text)
    PendSV_Handler                           0x080026c3   Thumb Code     2  stm32f10x_it.o(.text)
    SysTick_Handler                          0x080026c5   Thumb Code     2  stm32f10x_it.o(.text)
    SystemInit                               0x080027a7   Thumb Code    78  system_stm32f10x.o(.text)
    SystemCoreClockUpdate                    0x080027f5   Thumb Code   142  system_stm32f10x.o(.text)
    fputc                                    0x080028a9   Thumb Code    32  pcmsg.o(.text)
    InitUart1                                0x080028c9   Thumb Code   156  pcmsg.o(.text)
    Uart1SendData                            0x08002965   Thumb Code    36  pcmsg.o(.text)
    UART1SendDataPacket                      0x08002989   Thumb Code    52  pcmsg.o(.text)
    USART1_IRQHandler                        0x080029bd   Thumb Code   204  pcmsg.o(.text)
    McuToPCSendData                          0x08002a89   Thumb Code    56  pcmsg.o(.text)
    SaveAct                                  0x08002ad5   Thumb Code   108  pcmsg.o(.text)
    FlashEraseAll                            0x08002b41   Thumb Code    42  pcmsg.o(.text)
    TaskPCMsgHandle                          0x08002b6b   Thumb Code   232  pcmsg.o(.text)
    InitMemory                               0x08002c53   Thumb Code   126  pcmsg.o(.text)
    InitDelay                                0x08002cd1   Thumb Code    52  app.o(.text)
    DelayMs                                  0x08002d05   Thumb Code    56  app.o(.text)
    DelayUs                                  0x08002d3d   Thumb Code    56  app.o(.text)
    InitLED                                  0x08002d75   Thumb Code    40  app.o(.text)
    InitKey                                  0x08002d9d   Thumb Code    34  app.o(.text)
    InitBuzzer                               0x08002dbf   Thumb Code    40  app.o(.text)
    InitTimer2                               0x08002de7   Thumb Code    94  app.o(.text)
    InitADC                                  0x08002e45   Thumb Code   140  app.o(.text)
    GetADCResult                             0x08002ed1   Thumb Code    46  app.o(.text)
    CheckBatteryVoltage                      0x08002eff   Thumb Code    40  app.o(.text)
    GetBatteryVoltage                        0x08002f27   Thumb Code     6  app.o(.text)
    Buzzer                                   0x08002f2d   Thumb Code   132  app.o(.text)
    TIM2_IRQHandler                          0x08002fb1   Thumb Code   126  app.o(.text)
    TaskTimeHandle                           0x0800302f   Thumb Code    70  app.o(.text)
    TaskRun                                  0x08003075   Thumb Code  1454  app.o(.text)
    FullActRun                               0x08003629   Thumb Code   106  robotrun.o(.text)
    FullActStop                              0x08003693   Thumb Code    24  robotrun.o(.text)
    ActSubFrameRun                           0x080036ab   Thumb Code   140  robotrun.o(.text)
    TaskRobotRun                             0x08003737   Thumb Code   150  robotrun.o(.text)
    SPIx_ReadWriteByte                       0x080037f1   Thumb Code    78  flash.o(.text)
    InitSpi                                  0x0800383f   Thumb Code   148  flash.o(.text)
    InitFlash                                0x080038d3   Thumb Code    14  flash.o(.text)
    SPI_Flash_ReadSR                         0x080038e1   Thumb Code    36  flash.o(.text)
    SPI_Flash_Wait_Busy                      0x08003905   Thumb Code    18  flash.o(.text)
    SPI_FLASH_Write_Enable                   0x08003917   Thumb Code    24  flash.o(.text)
    FlashEraseSector                         0x0800392f   Thumb Code    60  flash.o(.text)
    FlashRead                                0x0800396b   Thumb Code    74  flash.o(.text)
    FlashWrite                               0x080039b5   Thumb Code    80  flash.o(.text)
    PS2_Cmd                                  0x08003a25   Thumb Code   120  ps2gamepad.o(.text)
    PS2_ExitConfing                          0x08003a9d   Thumb Code    86  ps2gamepad.o(.text)
    PS2_VibrationMode                        0x08003af3   Thumb Code    62  ps2gamepad.o(.text)
    PS2_TurnOnAnalogMode                     0x08003b31   Thumb Code    86  ps2gamepad.o(.text)
    PS2_EnterConfing                         0x08003b87   Thumb Code    86  ps2gamepad.o(.text)
    PS2_ShortPoll                            0x08003bdd   Thumb Code    62  ps2gamepad.o(.text)
    PS2_SetInit                              0x08003c1b   Thumb Code    38  ps2gamepad.o(.text)
    InitPS2                                  0x08003c41   Thumb Code   106  ps2gamepad.o(.text)
    PS2_RedLight                             0x08003cab   Thumb Code    50  ps2gamepad.o(.text)
    PS2_ReadData                             0x08003cdd   Thumb Code   156  ps2gamepad.o(.text)
    PS2_ClearData                            0x08003d79   Thumb Code    20  ps2gamepad.o(.text)
    PS2_DataKey                              0x08003d8d   Thumb Code    78  ps2gamepad.o(.text)
    PS2_NewButtonState                       0x08003ddb   Thumb Code    34  ps2gamepad.o(.text)
    PS2_Button                               0x08003dfd   Thumb Code    76  ps2gamepad.o(.text)
    PS2_ButtonPressed                        0x08003e49   Thumb Code    28  ps2gamepad.o(.text)
    PS2_ButtonReleased                       0x08003e65   Thumb Code    28  ps2gamepad.o(.text)
    PS2_AnologData                           0x08003e81   Thumb Code     8  ps2gamepad.o(.text)
    PS2_Vibration                            0x08003e89   Thumb Code    88  ps2gamepad.o(.text)
    InitUart3                                0x08003eed   Thumb Code   162  bluetooth.o(.text)
    USART3_IRQHandler                        0x08003f8f   Thumb Code   172  bluetooth.o(.text)
    USART3SendDataPacket                     0x0800403b   Thumb Code    52  bluetooth.o(.text)
    TaskBLEMsgHandle                         0x08004083   Thumb Code   166  bluetooth.o(.text)
    InitUart2                                0x0800414d   Thumb Code   158  busservoctrl.o(.text)
    InitBusServoCtrl                         0x080041eb   Thumb Code    56  busservoctrl.o(.text)
    USART2SendDataPacket                     0x08004223   Thumb Code    52  busservoctrl.o(.text)
    USART2_IRQHandler                        0x08004257   Thumb Code    24  busservoctrl.o(.text)
    BusServoCtrl                             0x0800426f   Thumb Code   138  busservoctrl.o(.text)
    __aeabi_fmul                             0x08004309   Thumb Code   100  fmul.o(.text)
    __aeabi_fdiv                             0x0800436d   Thumb Code   124  fdiv.o(.text)
    __aeabi_i2f                              0x080043e9   Thumb Code    18  fflti.o(.text)
    __aeabi_ui2f                             0x080043fb   Thumb Code    10  ffltui.o(.text)
    __aeabi_f2iz                             0x08004405   Thumb Code    50  ffixi.o(.text)
    __I$use$fp                               0x08004437   Thumb Code     0  iusefp.o(.text)
    _float_round                             0x08004437   Thumb Code    18  fepilogue.o(.text)
    _float_epilogue                          0x08004449   Thumb Code    92  fepilogue.o(.text)
    __scatterload                            0x080044a5   Thumb Code    28  init.o(.text)
    __scatterload_rt2                        0x080044a5   Thumb Code     0  init.o(.text)
    __scatterload_copy                       0x080044c9   Thumb Code    14  handlers.o(i.__scatterload_copy)
    __scatterload_null                       0x080044d7   Thumb Code     2  handlers.o(i.__scatterload_null)
    __scatterload_zeroinit                   0x080044d9   Thumb Code    14  handlers.o(i.__scatterload_zeroinit)
    Region$$Table$$Base                      0x080044e8   Number         0  anon$$obj.o(Region$$Table)
    Region$$Table$$Limit                     0x08004508   Number         0  anon$$obj.o(Region$$Table)
    ServoPwmDuty                             0x20000014   Data          16  pwm.o(.data)
    ServoPwmDutySet                          0x20000024   Data          16  pwm.o(.data)
    ServoPwmDutyHaveChange                   0x20000034   Data           1  pwm.o(.data)
    ServoTime                                0x20000036   Data           2  pwm.o(.data)
    SystemCoreClock                          0x20000040   Data           4  system_stm32f10x.o(.data)
    AHBPrescTable                            0x20000044   Data          16  system_stm32f10x.o(.data)
    gSystemTickCount                         0x2000005c   Data           4  app.o(.data)
    BuzzerState                              0x20000060   Data           1  app.o(.data)
    Ps2TimeCount                             0x20000062   Data           2  app.o(.data)
    BatteryVoltage                           0x20000064   Data           2  app.o(.data)
    manual                                   0x2000006a   Data           1  app.o(.data)
    fRobotRun                                0x20000088   Data           1  robotrun.o(.data)
    ActFullNum                               0x20000089   Data           1  robotrun.o(.data)
    ActFullRunTimesSum                       0x2000008c   Data           4  robotrun.o(.data)
    ActFullRunTimes                          0x20000090   Data           4  robotrun.o(.data)
    TimeActionRunTotal                       0x20000094   Data           4  robotrun.o(.data)
    fFrameRunFinish                          0x20000098   Data           1  robotrun.o(.data)
    FrameIndexSum                            0x20000099   Data           1  robotrun.o(.data)
    FrameIndex                               0x2000009a   Data           1  robotrun.o(.data)
    Handkey                                  0x2000009c   Data           2  ps2gamepad.o(.data)
    Comd                                     0x2000009e   Data           2  ps2gamepad.o(.data)
    MASK                                     0x200000a0   Data          32  ps2gamepad.o(.data)
    LastHandkey                              0x200000c0   Data           2  ps2gamepad.o(.data)
    ServoPwmDutyInc                          0x200000c8   Data          32  pwm.o(.bss)
    Uart1RxBuffer                            0x200001ec   Data         260  pcmsg.o(.bss)
    frameIndexSumSum                         0x200002f0   Data         256  pcmsg.o(.bss)
    SPI_InitStructure                        0x200003f0   Data          18  flash.o(.bss)
    Data                                     0x20000402   Data           9  ps2gamepad.o(.bss)
    __initial_sp                             0x20000910   Data           0  startup_stm32f10x_md.o(STACK)



==============================================================================

Memory Map of the image

  Image Entry point : 0x080000ed

  Load Region LR_IROM1 (Base: 0x08000000, Size: 0x000045d0, Max: 0x00020000, ABSOLUTE)

    Execution Region ER_IROM1 (Base: 0x08000000, Size: 0x00004508, Max: 0x00020000, ABSOLUTE)

    Base Addr    Size         Type   Attr      Idx    E Section Name        Object

    0x08000000   0x000000ec   Data   RO           19    RESET               startup_stm32f10x_md.o
    0x080000ec   0x00000000   Code   RO          634  * .ARM.Collect$$$$00000000  mc_w.l(entry.o)
    0x080000ec   0x00000004   Code   RO          647    .ARM.Collect$$$$00000001  mc_w.l(entry2.o)
    0x080000f0   0x00000004   Code   RO          650    .ARM.Collect$$$$00000004  mc_w.l(entry5.o)
    0x080000f4   0x00000000   Code   RO          652    .ARM.Collect$$$$00000008  mc_w.l(entry7b.o)
    0x080000f4   0x00000000   Code   RO          654    .ARM.Collect$$$$0000000A  mc_w.l(entry8b.o)
    0x080000f4   0x00000008   Code   RO          655    .ARM.Collect$$$$0000000B  mc_w.l(entry9a.o)
    0x080000fc   0x00000000   Code   RO          657    .ARM.Collect$$$$0000000D  mc_w.l(entry10a.o)
    0x080000fc   0x00000000   Code   RO          659    .ARM.Collect$$$$0000000F  mc_w.l(entry11a.o)
    0x080000fc   0x00000004   Code   RO          648    .ARM.Collect$$$$00002712  mc_w.l(entry2.o)
    0x08000100   0x00000024   Code   RO           20    .text               startup_stm32f10x_md.o
    0x08000124   0x000000dc   Code   RO           24    .text               misc.o
    0x08000200   0x0000044e   Code   RO          119    .text               stm32f10x_adc.o
    0x0800064e   0x00000002   PAD
    0x08000650   0x0000035c   Code   RO          251    .text               stm32f10x_gpio.o
    0x080009ac   0x000003a4   Code   RO          299    .text               stm32f10x_rcc.o
    0x08000d50   0x0000030c   Code   RO          337    .text               stm32f10x_spi.o
    0x0800105c   0x00000e1a   Code   RO          349    .text               stm32f10x_tim.o
    0x08001e76   0x00000002   PAD
    0x08001e78   0x00000408   Code   RO          361    .text               stm32f10x_usart.o
    0x08002280   0x00000054   Code   RO          385    .text               main.o
    0x080022d4   0x000003d8   Code   RO          452    .text               pwm.o
    0x080026ac   0x0000001a   Code   RO          471    .text               stm32f10x_it.o
    0x080026c6   0x00000002   PAD
    0x080026c8   0x000001e0   Code   RO          505    .text               system_stm32f10x.o
    0x080028a8   0x00000428   Code   RO          523    .text               pcmsg.o
    0x08002cd0   0x00000958   Code   RO          543    .text               app.o
    0x08003628   0x000001c8   Code   RO          561    .text               robotrun.o
    0x080037f0   0x00000228   Code   RO          576    .text               flash.o
    0x08003a18   0x000004d4   Code   RO          591    .text               ps2gamepad.o
    0x08003eec   0x00000260   Code   RO          607    .text               bluetooth.o
    0x0800414c   0x000001bc   Code   RO          622    .text               busservoctrl.o
    0x08004308   0x00000064   Code   RO          637    .text               mf_w.l(fmul.o)
    0x0800436c   0x0000007c   Code   RO          639    .text               mf_w.l(fdiv.o)
    0x080043e8   0x00000012   Code   RO          641    .text               mf_w.l(fflti.o)
    0x080043fa   0x0000000a   Code   RO          643    .text               mf_w.l(ffltui.o)
    0x08004404   0x00000032   Code   RO          645    .text               mf_w.l(ffixi.o)
    0x08004436   0x00000000   Code   RO          661    .text               mc_w.l(iusefp.o)
    0x08004436   0x0000006e   Code   RO          662    .text               mf_w.l(fepilogue.o)
    0x080044a4   0x00000024   Code   RO          664    .text               mc_w.l(init.o)
    0x080044c8   0x0000000e   Code   RO          668    i.__scatterload_copy  mc_w.l(handlers.o)
    0x080044d6   0x00000002   Code   RO          669    i.__scatterload_null  mc_w.l(handlers.o)
    0x080044d8   0x0000000e   Code   RO          670    i.__scatterload_zeroinit  mc_w.l(handlers.o)
    0x080044e6   0x00000002   PAD
    0x080044e8   0x00000020   Data   RO          666    Region$$Table       anon$$obj.o


    Execution Region RW_IRAM1 (Base: 0x20000000, Size: 0x00000910, Max: 0x00005000, ABSOLUTE)

    Base Addr    Size         Type   Attr      Idx    E Section Name        Object

    0x20000000   0x00000014   Data   RW          300    .data               stm32f10x_rcc.o
    0x20000014   0x0000002a   Data   RW          454    .data               pwm.o
    0x2000003e   0x00000002   PAD
    0x20000040   0x00000014   Data   RW          506    .data               system_stm32f10x.o
    0x20000054   0x00000005   Data   RW          525    .data               pcmsg.o
    0x20000059   0x00000003   PAD
    0x2000005c   0x0000002a   Data   RW          544    .data               app.o
    0x20000086   0x00000002   PAD
    0x20000088   0x00000013   Data   RW          562    .data               robotrun.o
    0x2000009b   0x00000001   PAD
    0x2000009c   0x00000026   Data   RW          593    .data               ps2gamepad.o
    0x200000c2   0x00000005   Data   RW          609    .data               bluetooth.o
    0x200000c7   0x00000001   PAD
    0x200000c8   0x00000020   Zero   RW          453    .bss                pwm.o
    0x200000e8   0x00000308   Zero   RW          524    .bss                pcmsg.o
    0x200003f0   0x00000012   Zero   RW          577    .bss                flash.o
    0x20000402   0x00000009   Zero   RW          592    .bss                ps2gamepad.o
    0x2000040b   0x00000104   Zero   RW          608    .bss                bluetooth.o
    0x2000050f   0x00000001   PAD
    0x20000510   0x00000400   Zero   RW           17    STACK               startup_stm32f10x_md.o


==============================================================================

Image component sizes


      Code (inc. data)   RO Data    RW Data    ZI Data      Debug   Object Name

      2392        148          0         42          0       4501   app.o
       608         36          0          5        260       2436   bluetooth.o
       444         16          0          0          0       1965   busservoctrl.o
         0          0          0          0          0       4304   core_cm3.o
       552         20          0          0         18       2705   flash.o
        84          4          0          0          0     215271   main.o
       220         22          0          0          0     264629   misc.o
      1064         52          0          5        776       5408   pcmsg.o
      1236         58          0         38          9       4757   ps2gamepad.o
       984         84          0         42         32       2505   pwm.o
       456         36          0         19          0       2083   robotrun.o
        36          8        236          0       1024        768   startup_stm32f10x_md.o
      1102         26          0          0          0      10825   stm32f10x_adc.o
       860         38          0          0          0       5637   stm32f10x_gpio.o
        26          0          0          0          0       1194   stm32f10x_it.o
       932         36          0         20          0       8808   stm32f10x_rcc.o
       780         14          0          0          0       6518   stm32f10x_spi.o
      3610         88          0          0          0      22124   stm32f10x_tim.o
      1032         22          0          0          0       8360   stm32f10x_usart.o
       480         38          0         20          0       1767   system_stm32f10x.o

    ----------------------------------------------------------------------
     16904        746        268        200       2120     576565   Object Totals
         0          0         32          0          0          0   (incl. Generated)
         6          0          0          9          1          0   (incl. Padding)

    ----------------------------------------------------------------------

      Code (inc. data)   RO Data    RW Data    ZI Data      Debug   Library Member Name

         0          0          0          0          0          0   entry.o
         0          0          0          0          0          0   entry10a.o
         0          0          0          0          0          0   entry11a.o
         8          4          0          0          0          0   entry2.o
         4          0          0          0          0          0   entry5.o
         0          0          0          0          0          0   entry7b.o
         0          0          0          0          0          0   entry8b.o
         8          4          0          0          0          0   entry9a.o
        30          0          0          0          0          0   handlers.o
        36          8          0          0          0         68   init.o
         0          0          0          0          0          0   iusefp.o
       124          0          0          0          0         88   fdiv.o
       110          0          0          0          0        168   fepilogue.o
        50          0          0          0          0         68   ffixi.o
        18          0          0          0          0         68   fflti.o
        10          0          0          0          0         68   ffltui.o
       100          0          0          0          0         76   fmul.o

    ----------------------------------------------------------------------
       500         16          0          0          0        604   Library Totals
         2          0          0          0          0          0   (incl. Padding)

    ----------------------------------------------------------------------

      Code (inc. data)   RO Data    RW Data    ZI Data      Debug   Library Name

        86         16          0          0          0         68   mc_w.l
       412          0          0          0          0        536   mf_w.l

    ----------------------------------------------------------------------
       500         16          0          0          0        604   Library Totals

    ----------------------------------------------------------------------

==============================================================================


      Code (inc. data)   RO Data    RW Data    ZI Data      Debug   

     17404        762        268        200       2120     575293   Grand Totals
     17404        762        268        200       2120     575293   ELF Image Totals
     17404        762        268        200          0          0   ROM Totals

==============================================================================

    Total RO  Size (Code + RO Data)                17672 (  17.26kB)
    Total RW  Size (RW Data + ZI Data)              2320 (   2.27kB)
    Total ROM Size (Code + RO Data + RW Data)      17872 (  17.45kB)

==============================================================================

